HI-TECH Software C Compiler 

Linker command line:

\
  --edf=C:\Program Files (x86)\HI-TECH Software\PICC-18\PRO\9.63\dat\en_msgs.txt \
  -cs -h+intro.sym -z -Q18F4580 -ol.obj -Mintro.map -E1 -ACODE=00h-07FFFh \
  -ACONST=00h-07FFFh -ASMALLCONST=0600h-06FFhx122 \
  -AMEDIUMCONST=0600h-07FFFh -ARAM=00h-0FFhx6 -ABIGRAM=00h-05FFh \
  -ACOMRAM=00h-05Fh -AABS1=00h-05FFh -ABANK0=00h-0FFh -ABANK1=0100h-01FFh \
  -ABANK2=0200h-02FFh -ABANK3=0300h-03FFh -ABANK4=0400h-04FFh \
  -ABANK5=0500h-05FFh -ANVRAM=0500h-05FFh \
  -preset_vec=00h,intcode,intcodelo,powerup,init,end_init -pramtop=0600h \
  -psmallconst=SMALLCONST -pmediumconst=MEDIUMCONST -pconst=CONST \
  -pparam0=BANK0 -AFARRAM=00h-00h -ACONFIG=0300000h-030000Dh \
  -pconfig=CONFIG -AIDLOC=0200000h-0200007h -pidloc=IDLOC \
  -AEEDATA=0F00000h-0F000FFh -peeprom_data=EEDATA \
  -prdata=COMRAM,nvrram=COMRAM,nvbit=COMRAM,rbss=COMRAM,rbit=COMRAM \
  -pfarbss=FARRAM,fardata=FARRAM \
  -pintsave_regs=BIGRAM,bigbss=BIGRAM,bigdata=BIGRAM -pbss=RAM \
  -pidata=CODE,irdata=CODE,ibigdata=CODE,ifardata=CODE startup.obj \
  intro.obj 

Object code version is 3.10

Machine type is 18F4580

Call graph: (short form)

*_main size 0,3 offset 0
*    _lcd_init size 0,1 offset 3
*        _cmd size 1,2 offset 4
     _data size 1,2 offset 3

Estimated maximum call depth: 2


                Name          Link     Load   Length Selector Space Scale
startup.obj     init             0        0        4       0     0
intro.obj       text3         7CC8     7CC8       54    3E64     0
                text0         7D92     7D92      26E    3EC9     0
                text2         7C8A     7C8A       3E    3E45     0
                text1         7D1C     7D1C       76    3E8E     0

COMMON          param0          F9       F9        7      F9     1

TOTAL           Name          Link     Load   Length  Space
        CLASS   CODE           
                init             0        0        4     0
                text3         7CC8     7CC8       54     0
                text0         7D92     7D92      26E     0
                text2         7C8A     7C8A       3E     0
                text1         7D1C     7D1C       76     0

        CLASS   CONST          

        CLASS   SMALLCONST     

        CLASS   MEDIUMCONST    

        CLASS   RAM            

        CLASS   BIGRAM         

        CLASS   COMRAM         

        CLASS   ABS1           

        CLASS   BANK0          
                param0          F9       F9        7     1

        CLASS   BANK1          

        CLASS   BANK2          

        CLASS   BANK3          

        CLASS   BANK4          

        CLASS   BANK5          

        CLASS   NVRAM          

        CLASS   FARRAM         

        CLASS   CONFIG         

        CLASS   IDLOC          

        CLASS   EEDATA         



SEGMENTS        Name           Load    Length   Top     Selector    Space Class

                reset_vec       000000  000004  000004         0       0  CODE    
                param0          0000F9  000007  000100        F9       1  BANK0   
                text2           007C8A  00003E  007CC8      3E45       0  CODE    
                text3           007CC8  000054  007D1C      3E64       0  CODE    
                text1           007D1C  000076  007D92      3E8E       0  CODE    
                text0           007D92  00026E  008000      3EC9       0  CODE    


UNUSED ADDRESS RANGES

        BANK0            000000-0000F8
        BANK1            000100-0001FF
        BANK2            000200-0002FF
        BANK3            000300-0003FF
        BANK4            000400-0004FF
        BANK5            000500-0005FF
        BIGRAM           000000-0000F8
                         000100-0005FF
        CODE             000004-007C89
        COMRAM           000000-00005F
        CONFIG           300000-30000D
        CONST            000004-007C89
        EEDATA           F00000-F000FF
        IDLOC            200000-200007
        MEDIUMCONST      000600-007C89
        NVRAM            000500-0005FF
        RAM              000000-0000F8
                         000100-0005FF
        SMALLCONST       000600-007C89

                                  Symbol Table

??_cmd            param0       0000FE  ??_data           param0       0000FD
??_lcd_init       param0       0000FC  ??_main           param0       0000F9
?_cmd             param0       0000FD  ?_data            param0       0000FC
?_lcd_init        param0       0000FC  ?_main            param0       0000F9
_ADCON1           (abs)        000FC1  _LATB             (abs)        000F8A
_LATC             (abs)        000F8B  _PORTB            (abs)        000F81
_RB0              (abs)        007C08  _RB1              (abs)        007C09
_RB2              (abs)        007C0A  _RB3              (abs)        007C0B
_RC0              (abs)        007C10  _RC1              (abs)        007C11
_RD0              (abs)        007C18  _RD1              (abs)        007C19
_TRISB            (abs)        000F93  _TRISC            (abs)        000F94
_TRISD            (abs)        000F95  __HRAM            (abs)        000000
__Hbigbss         bigbss       000100  __Hbigdata        bigdata      000100
__Hbss            bss          000000  __Hclrtext        clrtext      000004
__Hconfig         config       300000  __Hconst          const        000004
__Hdata           data         000004  __Heeprom_data    eeprom_data  F00000
__Hend_init       end_init     000004  __Hfarbss         farbss       000000
__Hfardata        fardata      000000  __Hibigdata       ibigdata     000004
__Hidata          idata        000004  __Hidloc          idloc        200000
__Hifardata       ifardata     000004  __Hinit           init         000004
__Hintcode        intcode      000000  __Hintcodelo      intcodelo    000000
__Hintentry       intentry     000004  __Hintret         intret       000004
__Hintsave_regs   intsave_regs 000100  __Hirdata         irdata       000004
__Hmediumconst    mediumconst  000600  __Hnvbit          nvbit        000000
__Hnvram          nvram        000004  __Hnvrram         nvrram       000000
__Hparam          param0       000100  __Hparam0         param0       000100
__Hparam1         param1       000004  __Hparam2         param2       000004
__Hparam3         param3       000004  __Hparam4         param4       000004
__Hparam5         param5       000004  __Hpowerup        powerup      000000
__Hramtop         ramtop       000600  __Hrbit           rbit         000000
__Hrbss           rbss         000000  __Hrdata          rdata        000000
__Hreset_vec      reset_vec    000000  __Hrparam         rparam       000004
__Hsmallconst     smallconst   000600  __Hstruct         struct       000000
__Htemp           temp         000000  __Htext           text         000004
__Htext0          text0        000004  __Htext1          text1        000004
__Htext2          text2        000004  __Htext3          text3        000004
__LRAM            (abs)        000001  __Lbigbss         bigbss       000100
__Lbigdata        bigdata      000100  __Lbss            bss          000000
__Lclrtext        clrtext      000004  __Lconfig         config       300000
__Lconst          const        000004  __Ldata           (abs)        000000
__Leeprom_data    eeprom_data  F00000  __Lend_init       end_init     000004
__Lfarbss         farbss       000000  __Lfardata        fardata      000000
__Libigdata       ibigdata     000004  __Lidata          idata        000004
__Lidloc          idloc        200000  __Lifardata       ifardata     000004
__Linit           init         000000  __Lintcode        intcode      000000
__Lintcodelo      intcodelo    000000  __Lintentry       intentry     000004
__Lintret         intret       000004  __Lintsave_regs   intsave_regs 000100
__Lirdata         irdata       000004  __Lmediumconst    mediumconst  000600
__Lnvbit          nvbit        000000  __Lnvram          nvram        000004
__Lnvrram         nvrram       000000  __Lparam          param0       0000F9
__Lparam0         param0       0000F9  __Lparam1         param1       000004
__Lparam2         param2       000004  __Lparam3         param3       000004
__Lparam4         param4       000004  __Lparam5         param5       000004
__Lpowerup        powerup      000000  __Lramtop         ramtop       000600
__Lrbit           rbit         000000  __Lrbss           rbss         000000
__Lrdata          rdata        000000  __Lreset_vec      reset_vec    000000
__Lrparam         rparam       000004  __Lsmallconst     smallconst   000600
__Lstruct         struct       000000  __Ltemp           temp         000000
__Ltext           text         000004  __Ltext0          text0        000004
__Ltext1          text1        000004  __Ltext2          text2        000004
__Ltext3          text3        000004  __S0              (abs)        F00000
__S1              (abs)        000500  __accesstop       (abs)        000060
__activetblptr    (abs)        000000  __end_of_cmd      text3        007D1C
__end_of_data     text1        007D92  __end_of_lcd_init text2        007CC8
__end_of_main     text0        008000  __mediumconst     mediumconst  000600
__ramtop          ramtop       000600  __smallconst      smallconst   000600
_cmd              text3        007CC8  _data             text1        007D1C
_exit             init         000000  _lcd_init         text2        007C8A
_main             text0        007D92  cmd@a             param0       0000FD
cmd@i             param0       0000FE  data@a            param0       0000FC
data@i            param0       0000FD  intlevel0         text         000004
intlevel1         text         000004  intlevel2         text         000004
intlevel3         text         000004  start             init         000000
