HI-TECH Software C Compiler 

Linker command line:

\
  --edf=C:\Program Files (x86)\HI-TECH Software\PICC-18\PRO\9.63\dat\en_msgs.txt \
  -cs -h+intro.sym -z -Q18F4580 -ol.obj -Mintro.map -E1 -ACODE=00h-07FFFh \
  -ACONST=00h-07FFFh -ASMALLCONST=0600h-06FFhx122 \
  -AMEDIUMCONST=0600h-07FFFh -ARAM=00h-0FFhx6 -ABIGRAM=00h-05FFh \
  -ACOMRAM=00h-05Fh -AABS1=00h-05FFh -ABANK0=00h-0FFh -ABANK1=0100h-01FFh \
  -ABANK2=0200h-02FFh -ABANK3=0300h-03FFh -ABANK4=0400h-04FFh \
  -ABANK5=0500h-05FFh -ANVRAM=0500h-05FFh \
  -preset_vec=00h,intcode,intcodelo,powerup,init,end_init -pramtop=0600h \
  -psmallconst=SMALLCONST -pmediumconst=MEDIUMCONST -pconst=CONST \
  -pparam1=BANK1 -AFARRAM=00h-00h -ACONFIG=0300000h-030000Dh \
  -pconfig=CONFIG -AIDLOC=0200000h-0200007h -pidloc=IDLOC \
  -AEEDATA=0F00000h-0F000FFh -peeprom_data=EEDATA \
  -prdata=COMRAM,nvrram=COMRAM,nvbit=COMRAM,rbss=COMRAM,rbit=COMRAM \
  -pfarbss=FARRAM,fardata=FARRAM \
  -pintsave_regs=BIGRAM,bigbss=BIGRAM,bigdata=BIGRAM -pbss=RAM \
  -pidata=CODE,irdata=CODE,ibigdata=CODE,ifardata=CODE startup.obj \
  intro.obj 

Object code version is 3.10

Machine type is 18F4580

Call graph: (short form)

*_main size 0,15 offset 0
     _lcd_init size 0,1 offset 15
         _cmd size 1,2 offset 16
     _cmd size 1,2 offset 16
*    _display size 2,0 offset 15
*        _data size 1,2 offset 17
     _keypad size 0,3 offset 15
*    _data size 1,2 offset 17

Estimated maximum call depth: 2


                Name          Link     Load   Length Selector Space Scale
startup.obj     init             0        0       14       0     0
                end_init        14       14       1E       0     0
intro.obj       smallcons      600      600       34     300     0
                idata          634      634        5     31A     0
                text5          A8E      A8E       54     31D     0
                text1          AE2      AE2       3E     31D     0
                text0          63A      63A      2D4     31D     0
                text4          A3A      A3A       54     31D     0
                text3          B20      B20       3E     31D     0
                text2          90E      90E      12C     31D     0

COMMON          param1         100      100       14     100     1

TOTAL           Name          Link     Load   Length  Space
        CLASS   CODE           
                init             0        0       14     0
                end_init        14       14       1E     0
                idata          634      634        5     0
                text5          A8E      A8E       54     0
                text1          AE2      AE2       3E     0
                text0          63A      63A      2D4     0
                text4          A3A      A3A       54     0
                text3          B20      B20       3E     0
                text2          90E      90E      12C     0

        CLASS   CONST          

        CLASS   SMALLCONST     
                smallcons      600      600       34     0

        CLASS   MEDIUMCONST    

        CLASS   RAM            

        CLASS   BIGRAM         

        CLASS   COMRAM         

        CLASS   ABS1           
                abs_s1           0        0        5     1

        CLASS   BANK0          

        CLASS   BANK1          
                param1         100      100       14     1

        CLASS   BANK2          

        CLASS   BANK3          

        CLASS   BANK4          

        CLASS   BANK5          

        CLASS   NVRAM          

        CLASS   FARRAM         

        CLASS   CONFIG         

        CLASS   IDLOC          

        CLASS   EEDATA         



SEGMENTS        Name           Load    Length   Top     Selector    Space Class

                reset_vec       000000  000032  000032         0       0  CODE    
                param1          000100  000014  000114       100       1  BANK1   
                smallconst      000600  000034  000634       300       0  SMALLCON
                idata           000634  000005  000639       31A       0  CODE    
                irdata          00063A  000524  000B5E       31D       0  CODE    


UNUSED ADDRESS RANGES

        BANK0            000005-0000FF
        BANK1            000114-0001FF
        BANK2            000200-0002FF
        BANK3            000300-0003FF
        BANK4            000400-0004FF
        BANK5            000500-0005FF
        BIGRAM           000005-0000FF
                         000114-0005FF
        CODE             000032-0005FF
                         000639-000639
                         000B5E-007FFF
        COMRAM           000005-00005F
        CONFIG           300000-30000D
        CONST            000032-0005FF
                         000639-000639
                         000B5E-007FFF
        EEDATA           F00000-F000FF
        IDLOC            200000-200007
        MEDIUMCONST      000639-000639
                         000B5E-007FFF
        NVRAM            000500-0005FF
        RAM              000005-0000FF
                         000114-0005FF
        SMALLCONST       000639-000639
                         000B5E-007FFF

                                  Symbol Table

??_cmd            param1       000111  ??_data           param1       000112
??_display        param1       000111  ??_keypad         param1       00010F
??_lcd_init       param1       00010F  ??_main           param1       000100
?_cmd             param1       000110  ?_data            param1       000111
?_display         param1       00010F  ?_keypad          param1       00010F
?_lcd_init        param1       00010F  ?_main            param1       000100
F7892             (abs)        000000  _ADCON1           (abs)        000FC1
_LATB             (abs)        000F8A  _LATC             (abs)        000F8B
_PORTB            (abs)        000F81  _RC0              (abs)        007C10
_RC1              (abs)        007C11  _RD0              (abs)        007C18
_RD1              (abs)        007C19  _TRISB            (abs)        000F93
_TRISC            (abs)        000F94  _TRISD            (abs)        000F95
__Bnvbit          nvbit        000005  __Brbit           rbit         000005
__HRAM            (abs)        000000  __Hbigbss         bigbss       000114
__Hbigdata        bigdata      000114  __Hbss            bss          000005
__Hclrtext        clrtext      00063A  __Hconfig         config       300000
__Hconst          const        000634  __Hdata           data         00063A
__Hdata0          (abs)        000005  __Heeprom_data    eeprom_data  F00000
__Hend_init       end_init     000032  __Hfarbss         farbss       000000
__Hfardata        fardata      000000  __Hibigdata       ibigdata     00063A
__Hidata          idata        000639  __Hidloc          idloc        200000
__Hifardata       ifardata     00063A  __Hinit           init         000014
__Hintcode        intcode      000000  __Hintcodelo      intcodelo    000000
__Hintentry       intentry     00063A  __Hintret         intret       00063A
__Hintsave_regs   intsave_regs 000114  __Hirdata         irdata       00063A
__Hmediumconst    mediumconst  000634  __Hnvbit          nvbit        000028
__Hnvram          nvram        00063A  __Hnvrram         nvrram       000005
__Hparam          param1       000114  __Hparam0         param0       00063A
__Hparam1         param1       000114  __Hparam2         param2       00063A
__Hparam3         param3       00063A  __Hparam4         param4       00063A
__Hparam5         param5       00063A  __Hpowerup        powerup      000000
__Hramtop         ramtop       000600  __Hrbit           rbit         000028
__Hrbss           rbss         000005  __Hrdata          rdata        000005
__Hreset_vec      reset_vec    000000  __Hrparam         rparam       00063A
__Hsmallconst     smallconst   000634  __Hstruct         struct       000005
__Htemp           temp         000005  __Htext           text         00063A
__Htext0          text0        00063A  __Htext1          text1        00063A
__Htext2          text2        00063A  __Htext3          text3        00063A
__Htext4          text4        00063A  __Htext5          text5        00063A
__Htext6          text6        00063A  __LRAM            (abs)        000001
__Lbigbss         bigbss       000114  __Lbigdata        bigdata      000114
__Lbss            bss          000005  __Lclrtext        clrtext      00063A
__Lconfig         config       300000  __Lconst          const        000634
__Ldata           (abs)        000000  __Ldata0          (abs)        000000
__Leeprom_data    eeprom_data  F00000  __Lend_init       end_init     000014
__Lfarbss         farbss       000000  __Lfardata        fardata      000000
__Libigdata       ibigdata     00063A  __Lidata          idata        000634
__Lidloc          idloc        200000  __Lifardata       ifardata     00063A
__Linit           init         000000  __Lintcode        intcode      000000
__Lintcodelo      intcodelo    000000  __Lintentry       intentry     00063A
__Lintret         intret       00063A  __Lintsave_regs   intsave_regs 000114
__Lirdata         irdata       00063A  __Lmediumconst    mediumconst  000634
__Lnvbit          nvbit        000028  __Lnvram          nvram        00063A
__Lnvrram         nvrram       000005  __Lparam          param1       000100
__Lparam0         param0       00063A  __Lparam1         param1       000100
__Lparam2         param2       00063A  __Lparam3         param3       00063A
__Lparam4         param4       00063A  __Lparam5         param5       00063A
__Lpowerup        powerup      000000  __Lramtop         ramtop       000600
__Lrbit           rbit         000028  __Lrbss           rbss         000005
__Lrdata          rdata        000005  __Lreset_vec      reset_vec    000000
__Lrparam         rparam       00063A  __Lsmallconst     smallconst   000600
__Lstruct         struct       000005  __Ltemp           temp         000005
__Ltext           text         00063A  __Ltext0          text0        00063A
__Ltext1          text1        00063A  __Ltext2          text2        00063A
__Ltext3          text3        00063A  __Ltext4          text4        00063A
__Ltext5          text5        00063A  __Ltext6          text6        00063A
__S0              (abs)        F00000  __S1              (abs)        000500
__accesstop       (abs)        000060  __activetblptr    (abs)        000001
__end_of_cmd      text5        000AE2  __end_of_data     text4        000A8E
__end_of_display  text1        000B20  __end_of_keypad   text2        000A3A
__end_of_lcd_init text3        000B5E  __end_of_main     text0        00090E
__mediumconst     mediumconst  000634  __ramtop          ramtop       000600
__smallconst      smallconst   000600  _cmd              text5        000A8E
_data             text4        000A3A  _display          text1        000AE2
_exit             init         000000  _keypad           text2        00090E
_lcd_init         text3        000B20  _main             text0        00063A
cmd@a             param1       000110  cmd@i             param1       000111
data@a            param1       000111  data@i            param1       000112
display@p         param1       00010F  intlevel0         text         000B5E
intlevel1         text         000B5E  intlevel2         text         000B5E
intlevel3         text         000B5E  main@i            param1       000100
main@in           param1       000104  main@pass         param1       000108
main@t            param1       00010D  start             init         000000
